{
    "type": "TxWitnessShelley",
    "description": "",
    "cborHex": "82008258203913a8b0e4009fee670ca24735efb7f86d8698bf47f3f144fe1a1a72bba172905840c93c6205360d09750fcc23e7e8d578411a308e2e9d25853b5d8313ec1ecf97291dd661739eb8b12bb1b90bf34d5035e58cf6602b750da6db07f8baad4cf7140e"
}