{
    "type": "TxSignedShelley",
    "description": "",
    "cborHex": "83a4008182582066001e24baf17637192d3a91c418cf4ed3c8053e333d0c35bd388deb2fa89c92000181825839013fc4aa3daffa8cc5275cd2d095a461c05903bae76aa9a5f7999613c58636aa540280a200e32f45e98013c24218a1a4996504634150dc55381a002b8a44021a0002b473031a00a2d750a100818258203913a8b0e4009fee670ca24735efb7f86d8698bf47f3f144fe1a1a72bba172905840acd168cc35e98a90297bde0256c95943b37e45b7f571ca871621d4586caa373ec263cf57302ecfc043cd33c251026c49bcf1ce635ac1f2c944be6c6a29f9be09f6"
}