{
    "type": "TxWitnessShelley",
    "description": "",
    "cborHex": "82008258203913a8b0e4009fee670ca24735efb7f86d8698bf47f3f144fe1a1a72bba172905840301aa3f378402b4a3f19daa816879b515fa49fc4b0cffcb1574c445b452d46f0011b80da5b9281fcdf400ad4c47a7ff904119b286dad0a8a188c1266a4b68302"
}